.... time ..... state ...... matter ........... matter .... quality ..................

....... over ...... over . love ... often ... man .. more .. boy .... old ... number ... grow  old ....

....... give .......... heart ... spirit ...

.... there ... human . heart ......... next .. joy .. game ....... heart ... there ..... long ......... power . man ..... long . you ..

....... spirit ........ ice .. then ........ long ...... catch .... hope  you .. young ..
