 君  不  见  黄  河  之  水  天  上  来 . 奔  流  到  海  不  复  回 .

 君  不  见  高  堂  明  镜  悲  白  发 . 朝  如  青  丝 . 成  雪 .

 人  生  得  意  须  尽  欢 . 莫  使  金 . 空  对  月 .

 天  生  我  材  必  有  用 . 千  金  散  尽  还  复  来 .

. 羊 . 牛  且  为  乐 . 会  须  一  饮  三  百  杯 .

. 夫  子 . 丹  丘  生 . 将  进  酒 . 杯  莫  停 .

 与  君  歌  一  曲 . 请  君  为  我  倾  耳  听 .

 钟  鼓 . 玉  不  足  贵 . 但  愿  长 . 不  愿  醒 .

 古  来  圣  贤  皆 .... 有  饮  者  留  其  名 .

 陈  王 . 时  宴  平  乐 . 斗  酒  十  千 . 欢 ..

 主  人  何  为  言  少  钱 . 径  须 . 取  对  君 ..

 五  花  马 . 千  金 ..

 呼  儿  将  出  换  美  酒 . 与  尔  同  销  万  古 ..
